../Core/Src/main.c:112:5:main	120	static
../Core/Src/main.c:269:6:SystemClock_Config	136	static
../Core/Src/main.c:321:13:MX_ADC_Init	16	static
../Core/Src/main.c:393:13:MX_I2C1_Init	8	static
../Core/Src/main.c:441:13:MX_TIM6_Init	16	static
../Core/Src/main.c:479:13:MX_USART2_UART_Init	8	static
../Core/Src/main.c:512:13:MX_DMA_Init	16	static
../Core/Src/main.c:530:13:MX_GPIO_Init	48	static
../Core/Src/main.c:552:6:HAL_TIM_PeriodElapsedCallback	16	static
../Core/Src/main.c:561:6:ToggleDisplay	24	static
../Core/Src/main.c:584:6:DisplayOLED	112	static
../Core/Src/main.c:684:7:convertToLux	48	static
../Core/Src/main.c:696:7:convertRMS	40	static
../Core/Src/main.c:719:6:Error_Handler	8	static,ignoring_inline_asm
