../Core/Src/stm32l0xx_hal_msp.c:64:6:HAL_MspInit	8	static
../Core/Src/stm32l0xx_hal_msp.c:87:6:HAL_ADC_MspInit	48	static
../Core/Src/stm32l0xx_hal_msp.c:143:6:HAL_ADC_MspDeInit	16	static
../Core/Src/stm32l0xx_hal_msp.c:178:6:HAL_I2C_MspInit	48	static
../Core/Src/stm32l0xx_hal_msp.c:214:6:HAL_I2C_MspDeInit	16	static
../Core/Src/stm32l0xx_hal_msp.c:245:6:HAL_TIM_Base_MspInit	16	static
../Core/Src/stm32l0xx_hal_msp.c:270:6:HAL_TIM_Base_MspDeInit	16	static
../Core/Src/stm32l0xx_hal_msp.c:295:6:HAL_UART_MspInit	48	static
../Core/Src/stm32l0xx_hal_msp.c:331:6:HAL_UART_MspDeInit	16	static
